Microchip MPLAB XC8 Compiler V2.10 ()

Linker command line:

-W-3 --edf=C:\Program Files (x86)\Microchip\xc8\v2.10\pic\dat\en_msgs.txt \
  -cs -h+dist/default/production\Laboratorio_No.3.X.production.sym \
  --cmf=dist/default/production\Laboratorio_No.3.X.production.cmf -z \
  -Q16F887 -oC:\Users\LJNC\AppData\Local\Temp\s5jg.2 \
  --defsym=__MPLAB_BUILD=1 \
  -Mdist/default/production/Laboratorio_No.3.X.production.map -E1 -ver=XC8 \
  --acfsm=1493 -ASTACK=0110h-016Fh -pstack=STACK -ACODE=00h-07FFhx4 \
  -ASTRCODE=00h-01FFFh -ASTRING=00h-0FFhx32 -ACONST=00h-0FFhx32 \
  -AENTRY=00h-0FFhx32 -ACOMMON=070h-07Fh -ABANK0=020h-06Fh \
  -ABANK1=0A0h-0EFh -ABANK2=0110h-016Fh -ABANK3=0190h-01EFh \
  -ARAM=020h-06Fh,0A0h-0EFh,0110h-016Fh,0190h-01EFh \
  -AABS1=020h-07Fh,0A0h-0EFh,0110h-016Fh,0190h-01EFh -ASFR0=00h-01Fh \
  -ASFR1=080h-09Fh -ASFR2=0100h-010Fh -ASFR3=0180h-018Fh \
  -preset_vec=00h,intentry=04h,init,end_init -ppowerup=CODE -pcinit=CODE \
  -pfunctab=ENTRY -ACONFIG=02007h-02008h -pconfig=CONFIG -DCONFIG=2 \
  -AIDLOC=02000h-02003h -pidloc=IDLOC -DIDLOC=2 -AEEDATA=00h-0FFh/02100h \
  -peeprom_data=EEDATA -DEEDATA=2 -DCODE=2 -DSTRCODE=2 -DSTRING=2 -DCONST=2 \
  -DENTRY=2 -k C:\Users\LJNC\AppData\Local\Temp\s5jg.o \
  dist/default/production\Laboratorio_No.3.X.production.o 

Object code version is 3.11

Machine type is 16F887



                Name                               Link     Load   Length Selector   Space Scale
C:\Users\LJNC\AppData\Local\Temp\s5jg.o
                end_init                              C        C        3        8       0
                reset_vec                             0        0        3        0       0
                config                             2007     2007        2     400E       0
dist/default/production\Laboratorio_No.3.X.production.o
                cinit                                 F        F       12        8       0
                intentry                              4        4        8        8       0
                text18                              6D0      6D0       33      BA4       0
                text17                              FDF      FDF        F     1FBE       0
                text16                              4B9      4B9       9D        8       0
                text15                              694      694       3C      BA4       0
                text14                              7BE      7BE       19      BA4       0
                text13                              7D7      7D7       13      BA4       0
                text12                              703      703       2D      BA4       0
                text11                              FEE      FEE       12     1FDC       0
                text10                              730      730       29      BA4       0
                text9                               FD1      FD1        7     1FA2       0
                text8                               FD8      FD8        7     1FB0       0
                text7                               7EA      7EA       12      BA4       0
                text6                               79F      79F       1F      BA4       0
                text5                               77D      77D       22      BA4       0
                text4                               5D2      5D2       69      BA4       0
                text3                               63B      63B       59      BA4       0
                text2                                21       21      38A        8       0
                text1                               759      759       24      BA4       0
                maintext                            3AB      3AB      10E        8       0
                cstackBANK0                          20       20       21       20       1
                cstackCOMMON                         70       70        B       70       1
                bssBANK0                             41       41        C       20       1
                strings                             556      556       7C      AAC       0

TOTAL           Name                               Link     Load   Length     Space
        CLASS   STACK          

        CLASS   CODE           
                end_init                              C        C        3         0
                cinit                                 F        F       12         0
                intentry                              4        4        8         0
                reset_vec                             0        0        3         0
                text18                              6D0      6D0       33         0
                text17                              FDF      FDF        F         0
                text16                              4B9      4B9       9D         0
                text15                              694      694       3C         0
                text14                              7BE      7BE       19         0
                text13                              7D7      7D7       13         0
                text12                              703      703       2D         0
                text11                              FEE      FEE       12         0
                text10                              730      730       29         0
                text9                               FD1      FD1        7         0
                text8                               FD8      FD8        7         0
                text7                               7EA      7EA       12         0
                text6                               79F      79F       1F         0
                text5                               77D      77D       22         0
                text4                               5D2      5D2       69         0
                text3                               63B      63B       59         0
                text2                                21       21      38A         0
                text1                               759      759       24         0
                maintext                            3AB      3AB      10E         0

        CLASS   STRCODE        

        CLASS   STRING         
                strings                             556      556       7C         0

        CLASS   CONST          

        CLASS   ENTRY          

        CLASS   COMMON         
                cstackCOMMON                         70       70        B         1

        CLASS   BANK0          
                cstackBANK0                          20       20       21         1
                bssBANK0                             41       41        C         1

        CLASS   BANK1          

        CLASS   BANK2          

        CLASS   BANK3          

        CLASS   RAM            

        CLASS   ABS1           
                abs_s1                               7E       7E        2         1

        CLASS   SFR0           

        CLASS   SFR1           

        CLASS   SFR2           

        CLASS   SFR3           

        CLASS   CONFIG         
                config                             2007     2007        2         0

        CLASS   IDLOC          

        CLASS   EEDATA         



SEGMENTS        Name                           Load    Length   Top    Selector   Space  Class     Delta

                reset_vec                      000000  000003  000003         0       0  CODE        2
                intentry                       000004  000552  000556         8       0  CODE        2
                cstackBANK0                    000020  00002D  00004D        20       1  BANK0       1
                cstackCOMMON                   000070  00000B  00007B        70       1  COMMON      1
                strings                        000556  00007C  0005D2       AAC       0  STRING      2
                text4                          0005D2  00022A  0007FC       BA4       0  CODE        2
                text9                          000FD1  000007  000FD8      1FA2       0  CODE        2
                text8                          000FD8  000007  000FDF      1FB0       0  CODE        2
                text17                         000FDF  00000F  000FEE      1FBE       0  CODE        2
                text11                         000FEE  000012  001000      1FDC       0  CODE        2
                config                         002007  000002  002009      400E       0  CONFIG      2


UNUSED ADDRESS RANGES

        Name                Unused          Largest block    Delta
        BANK0            004D-006F             23           1
        BANK1            00A0-00EF             50           1
        BANK2            0110-016F             60           1
        BANK3            0190-01EF             60           1
        CODE             0003-0003              1           2
                         07FC-0FD0              4
                         1000-1FFF            800
        COMMON           007B-007D              3           1
        CONST            0003-0003              1           2
                         07FC-0FD0            100
                         1000-1FFF            100
        EEDATA           2100-21FF            100           2
        ENTRY            0003-0003              1           2
                         07FC-0FD0            100
                         1000-1FFF            100
        IDLOC            2000-2003              4           2
        RAM              004D-006F             23           1
                         00A0-00EF             50
                         0110-016F             60
                         0190-01EF             60
        SFR0             0000-001F             20           1
        SFR1             0080-009F             20           1
        SFR2             0100-010F             10           1
        SFR3             0180-018F             10           1
        STACK            0110-016F             60           1
        STRCODE          0003-0003              1           2
                         07FC-0FD0            7D5
                         1000-1FFF           1000
        STRING           0003-0003              1           2
                         07FC-0FD0            100
                         1000-1FFF            100

                                  Symbol Table

?___aldiv                 cstackCOMMON 0073
?___awdiv                 cstackBANK0  0020
?___awmod                 cstackCOMMON 0073
CONFIG_USART@BAUD         cstackBANK0  0027
LCD_CONTROL@dato          cstackCOMMON 0079
LCD_DATO@comando          cstackCOMMON 0077
LCD_PRINT@data            cstackCOMMON 0079
LCD_PRINT_WP@frase        cstackBANK0  0024
LCD_PRINT_WP@location     cstackBANK0  0025
LCD_PRINT_WP@x            cstackBANK0  0020
LCD_PRINT_WP@y            cstackBANK0  0022
VAL@centesimas            cstackBANK0  0030
VAL@column                cstackBANK0  0028
VAL@coordenada            cstackBANK0  003F
VAL@decimas               cstackBANK0  002F
VAL@i                     cstackBANK0  0039
VAL@i_376                 cstackBANK0  003B
VAL@numero                cstackBANK0  0031
VAL@result                cstackBANK0  003D
VAL@unidades              cstackBANK0  002E
VAL@valor                 cstackBANK0  003E
_ADCAN0                   bssBANK0     004A
_ADCAN1                   bssBANK0     0049
_ADCON0bits               (abs)        001F
_ADCON1bits               (abs)        009F
_ADRESH                   (abs)        001E
_ANSEL                    (abs)        0188
_ANSELH                   (abs)        0189
_CONFIG_ADC               text17       0FDF
_CONFIG_USART             text15       0694
_CONFIG_USART$978         cstackBANK0  002B
_INIT_LCD                 text10       0730
_INTCONbits               (abs)        000B
_LCD_CLEAR                text9        0FD1
_LCD_CONTROL              text11       0FEE
_LCD_DATO                 text7        07EA
_LCD_PRINT                text6        079F
_LCD_PRINT_WP             text5        077D
_LCD_PULSE                text13       07D7
_LCD_RH                   text8        0FD8
_OPTION_REGbits           (abs)        0081
_PORTB                    (abs)        0006
_PORTC                    (abs)        0007
_PORTD                    (abs)        0008
_PORTE                    (abs)        0009
_PORTEbits                (abs)        0009
_SPBRG                    (abs)        0099
_TMR0                     (abs)        0001
_TRISA                    (abs)        0085
_TRISB                    (abs)        0086
_TRISC                    (abs)        0087
_TRISD                    (abs)        0088
_TRISE                    (abs)        0089
_TRISEbits                (abs)        0089
_VAL                      text2        0021
_VAL$977                  cstackBANK0  0037
__CFG_BOR4V$BOR40V        (abs)        0000
__CFG_BOREN$OFF           (abs)        0000
__CFG_CP$OFF              (abs)        0000
__CFG_CPD$OFF             (abs)        0000
__CFG_FCMEN$OFF           (abs)        0000
__CFG_FOSC$INTRC_NOCLKOUT (abs)        0000
__CFG_IESO$OFF            (abs)        0000
__CFG_LVP$OFF             (abs)        0000
__CFG_MCLRE$OFF           (abs)        0000
__CFG_PWRTE$OFF           (abs)        0000
__CFG_WDTE$OFF            (abs)        0000
__CFG_WRT$OFF             (abs)        0000
__Habs1                   abs1         0000
__Hbank0                  bank0        0000
__Hbank1                  bank1        0000
__Hbank2                  bank2        0000
__Hbank3                  bank3        0000
__HbssBANK0               bssBANK0     0000
__Hcinit                  cinit        0021
__Hclrtext                clrtext      0000
__Hcode                   code         0000
__Hcommon                 common       0000
__Hconfig                 config       2009
__HcstackBANK0            cstackBANK0  0000
__HcstackCOMMON           cstackCOMMON 0000
__Heeprom_data            eeprom_data  0000
__Hend_init               end_init     000F
__Hfunctab                functab      0000
__Hidloc                  idloc        0000
__Hinit                   init         000C
__Hintentry               intentry     000C
__Hmaintext               maintext     0000
__Hpowerup                powerup      0000
__Hram                    ram          0000
__Hreset_vec              reset_vec    0003
__Hsfr0                   sfr0         0000
__Hsfr1                   sfr1         0000
__Hsfr2                   sfr2         0000
__Hsfr3                   sfr3         0000
__Hspace_0                (abs)        2009
__Hspace_1                (abs)        007B
__Hspace_2                (abs)        0000
__Hspace_3                (abs)        0000
__Hstack                  stack        0000
__Hstrings                strings      0000
__Htext                   text         0000
__Labs1                   abs1         0000
__Lbank0                  bank0        0000
__Lbank1                  bank1        0000
__Lbank2                  bank2        0000
__Lbank3                  bank3        0000
__LbssBANK0               bssBANK0     0000
__Lcinit                  cinit        000F
__Lclrtext                clrtext      0000
__Lcode                   code         0000
__Lcommon                 common       0000
__Lconfig                 config       2007
__LcstackBANK0            cstackBANK0  0000
__LcstackCOMMON           cstackCOMMON 0000
__Leeprom_data            eeprom_data  0000
__Lend_init               end_init     000C
__Lfunctab                functab      0000
__Lidloc                  idloc        0000
__Linit                   init         000C
__Lintentry               intentry     0004
__Lmaintext               maintext     0000
__Lpowerup                powerup      0000
__Lram                    ram          0000
__Lreset_vec              reset_vec    0000
__Lsfr0                   sfr0         0000
__Lsfr1                   sfr1         0000
__Lsfr2                   sfr2         0000
__Lsfr3                   sfr3         0000
__Lspace_0                (abs)        0000
__Lspace_1                (abs)        0000
__Lspace_2                (abs)        0000
__Lspace_3                (abs)        0000
__Lstack                  stack        0000
__Lstrings                strings      0000
__Ltext                   text         0000
__S0                      (abs)        2009
__S1                      (abs)        007B
__S2                      (abs)        0000
__S3                      (abs)        0000
___aldiv                  text16       04B9
___aldiv@counter          cstackBANK0  0021
___aldiv@dividend         cstackCOMMON 0077
___aldiv@divisor          cstackCOMMON 0073
___aldiv@quotient         cstackBANK0  0023
___aldiv@sign             cstackBANK0  0022
___awdiv                  text4        05D2
___awdiv@counter          cstackBANK0  0024
___awdiv@dividend         cstackBANK0  0022
___awdiv@divisor          cstackBANK0  0020
___awdiv@quotient         cstackBANK0  0026
___awdiv@sign             cstackBANK0  0025
___awmod                  text3        063B
___awmod@counter          cstackCOMMON 0078
___awmod@dividend         cstackCOMMON 0075
___awmod@divisor          cstackCOMMON 0073
___awmod@sign             cstackCOMMON 0079
___int_sp                 stack        0000
___latbits                (abs)        0002
___sp                     stack        0000
___stackhi                (abs)        0000
___stacklo                (abs)        0000
__end_of_CONFIG_ADC       text17       0FEE
__end_of_CONFIG_USART     text15       06D0
__end_of_INIT_LCD         text10       0759
__end_of_LCD_CLEAR        text9        0FD8
__end_of_LCD_CONTROL      text11       1000
__end_of_LCD_DATO         text7        07FC
__end_of_LCD_PRINT        text6        07BE
__end_of_LCD_PRINT_WP     text5        079F
__end_of_LCD_PULSE        text13       07EA
__end_of_LCD_RH           text8        0FDF
__end_of_VAL              text2        03AB
__end_of___aldiv          text16       0556
__end_of___awdiv          text4        063B
__end_of___awmod          text3        0694
__end_of__initialization  cinit        001D
__end_of__stringtab       strings      055C
__end_of_delay_ms         text12       0730
__end_of_delay_us         text14       07D7
__end_of_isr              text18       0703
__end_of_main             maintext     04B9
__end_of_setup            text1        077D
__initialization          cinit        000F
__pbssBANK0               bssBANK0     0041
__pcstackBANK0            cstackBANK0  0020
__pcstackCOMMON           cstackCOMMON 0070
__pintentry               intentry     0004
__pmaintext               maintext     03AB
__pstrings                strings      0556
__ptext1                  text1        0759
__ptext10                 text10       0730
__ptext11                 text11       0FEE
__ptext12                 text12       0703
__ptext13                 text13       07D7
__ptext14                 text14       07BE
__ptext15                 text15       0694
__ptext16                 text16       04B9
__ptext17                 text17       0FDF
__ptext18                 text18       06D0
__ptext2                  text2        0021
__ptext3                  text3        063B
__ptext4                  text4        05D2
__ptext5                  text5        077D
__ptext6                  text6        079F
__ptext7                  text7        07EA
__ptext8                  text8        0FD8
__ptext9                  text9        0FD1
__size_of_CONFIG_ADC      (abs)        0000
__size_of_CONFIG_USART    (abs)        0000
__size_of_INIT_LCD        (abs)        0000
__size_of_LCD_CLEAR       (abs)        0000
__size_of_LCD_CONTROL     (abs)        0000
__size_of_LCD_DATO        (abs)        0000
__size_of_LCD_PRINT       (abs)        0000
__size_of_LCD_PRINT_WP    (abs)        0000
__size_of_LCD_PULSE       (abs)        0000
__size_of_LCD_RH          (abs)        0000
__size_of_VAL             (abs)        0000
__size_of___aldiv         (abs)        0000
__size_of___awdiv         (abs)        0000
__size_of___awmod         (abs)        0000
__size_of_delay_ms        (abs)        0000
__size_of_delay_us        (abs)        0000
__size_of_isr             (abs)        0000
__size_of_main            (abs)        0000
__size_of_setup           (abs)        0000
__stringbase              strings      055B
__stringtab               strings      0556
_cambiante                bssBANK0     004C
_delay_ms                 text12       0703
_delay_us                 text14       07BE
_eADC                     bssBANK0     004B
_isr                      text18       06D0
_main                     maintext     03AB
_sen                      bssBANK0     0047
_sensor                   bssBANK0     0048
_setup                    text1        0759
btemp                     (abs)        007E
delay_ms@dms              cstackCOMMON 0074
delay_ms@i                cstackCOMMON 0075
delay_ms@j                cstackCOMMON 0077
delay_us@ams              cstackCOMMON 0074
delay_us@j                cstackCOMMON 0075
end_of_initialization     cinit        001D
interrupt_function        intentry     0004
intlevel0                 functab      0000
intlevel1                 functab      0000
intlevel2                 functab      0000
intlevel3                 functab      0000
intlevel4                 functab      0000
intlevel5                 functab      0000
reset_vec                 reset_vec    0000
saved_w                   (abs)        007E
start                     init         000C
start_initialization      cinit        000F
wtemp0                    (abs)        007E


FUNCTION INFORMATION:

 *************** function _main *****************
 Defined at:
		line 45 in file "main.c"
 Parameters:    Size  Location     Type
		None
 Auto vars:     Size  Location     Type
		None
 Return value:  Size  Location     Type
                  1    wreg      void 
 Registers used:
		wreg, fsr0l, fsr0h, status,2, status,0, btemp+1, pclath, cstack
 Tracked objects:
		On entry : 
		On exit  : 
		Unchanged: 
 Data sizes:     COMMON   BANK0   BANK1   BANK3   BANK2
      Params:         0       0       0       0       0
      Locals:         0       0       0       0       0
      Temps:          0       1       0       0       0
      Totals:         0       1       0       0       0
Total ram usage:        1 bytes
 Hardware stack levels required when called:    7
 This function calls:
		_CONFIG_ADC
		_CONFIG_USART
		_INIT_LCD
		_LCD_CLEAR
		_LCD_PRINT_WP
		_LCD_RH
		_VAL
		_delay_ms
		_setup
 This function is called by:
		Startup code after reset
 This function uses a non-reentrant model


 *************** function _setup *****************
 Defined at:
		line 83 in file "main.c"
 Parameters:    Size  Location     Type
		None
 Auto vars:     Size  Location     Type
		None
 Return value:  Size  Location     Type
                  1    wreg      void 
 Registers used:
		wreg, status,2
 Tracked objects:
		On entry : 
		On exit  : 
		Unchanged: 
 Data sizes:     COMMON   BANK0   BANK1   BANK3   BANK2
      Params:         0       0       0       0       0
      Locals:         0       0       0       0       0
      Temps:          0       0       0       0       0
      Totals:         0       0       0       0       0
Total ram usage:        0 bytes
 Hardware stack levels used:    1
 Hardware stack levels required when called:    1
 This function calls:
		Nothing
 This function is called by:
		_main
 This function uses a non-reentrant model


 *************** function _VAL *****************
 Defined at:
		line 72 in file "LCD.c"
 Parameters:    Size  Location     Type
  result          1    wreg     unsigned char 
  column          1    8[BANK0 ] unsigned char 
 Auto vars:     Size  Location     Type
  result          1   29[BANK0 ] unsigned char 
  i               2   27[BANK0 ] int 
  i               2   25[BANK0 ] int 
  numero          6   17[BANK0 ] int [3]
  coordenada      1   31[BANK0 ] unsigned char 
  valor           1   30[BANK0 ] unsigned char 
  centesimas      1   16[BANK0 ] unsigned char 
  decimas         1   15[BANK0 ] unsigned char 
  unidades        1   14[BANK0 ] unsigned char 
 Return value:  Size  Location     Type
                  1    wreg      void 
 Registers used:
		wreg, fsr0l, fsr0h, status,2, status,0, btemp+1, pclath, cstack
 Tracked objects:
		On entry : 
		On exit  : 
		Unchanged: 
 Data sizes:     COMMON   BANK0   BANK1   BANK3   BANK2
      Params:         0       1       0       0       0
      Locals:         0      18       0       0       0
      Temps:          0       5       0       0       0
      Totals:         0      24       0       0       0
Total ram usage:       24 bytes
 Hardware stack levels used:    1
 Hardware stack levels required when called:    6
 This function calls:
		_LCD_PRINT_WP
		___awdiv
		___awmod
 This function is called by:
		_main
 This function uses a non-reentrant model


 *************** function ___awmod *****************
 Defined at:
		line 5 in file "C:\Program Files (x86)\Microchip\xc8\v2.10\pic\sources\c90\common\awmod.c"
 Parameters:    Size  Location     Type
  divisor         2    3[COMMON] int 
  dividend        2    5[COMMON] int 
 Auto vars:     Size  Location     Type
  sign            1    9[COMMON] unsigned char 
  counter         1    8[COMMON] unsigned char 
 Return value:  Size  Location     Type
                  2    3[COMMON] int 
 Registers used:
		wreg, status,2, status,0
 Tracked objects:
		On entry : 
		On exit  : 
		Unchanged: 
 Data sizes:     COMMON   BANK0   BANK1   BANK3   BANK2
      Params:         4       0       0       0       0
      Locals:         2       0       0       0       0
      Temps:          1       0       0       0       0
      Totals:         7       0       0       0       0
Total ram usage:        7 bytes
 Hardware stack levels used:    1
 Hardware stack levels required when called:    1
 This function calls:
		Nothing
 This function is called by:
		_VAL
 This function uses a non-reentrant model


 *************** function ___awdiv *****************
 Defined at:
		line 5 in file "C:\Program Files (x86)\Microchip\xc8\v2.10\pic\sources\c90\common\awdiv.c"
 Parameters:    Size  Location     Type
  divisor         2    0[BANK0 ] int 
  dividend        2    2[BANK0 ] int 
 Auto vars:     Size  Location     Type
  quotient        2    6[BANK0 ] int 
  sign            1    5[BANK0 ] unsigned char 
  counter         1    4[BANK0 ] unsigned char 
 Return value:  Size  Location     Type
                  2    0[BANK0 ] int 
 Registers used:
		wreg, status,2, status,0
 Tracked objects:
		On entry : 
		On exit  : 
		Unchanged: 
 Data sizes:     COMMON   BANK0   BANK1   BANK3   BANK2
      Params:         0       4       0       0       0
      Locals:         0       4       0       0       0
      Temps:          1       0       0       0       0
      Totals:         1       8       0       0       0
Total ram usage:        9 bytes
 Hardware stack levels used:    1
 Hardware stack levels required when called:    1
 This function calls:
		Nothing
 This function is called by:
		_VAL
 This function uses a non-reentrant model


 *************** function _LCD_PRINT_WP *****************
 Defined at:
		line 63 in file "LCD.c"
 Parameters:    Size  Location     Type
  x               2    0[BANK0 ] int 
  y               2    2[BANK0 ] int 
  frase           1    4[BANK0 ] PTR unsigned char 
		 -> STR_26(2), STR_25(2), STR_24(2), STR_23(2), 
		 -> STR_22(2), STR_21(2), STR_20(2), STR_19(2), 
		 -> STR_18(2), STR_17(2), STR_16(2), STR_15(2), 
		 -> STR_14(2), STR_13(2), STR_12(2), STR_11(2), 
		 -> STR_10(2), STR_9(2), STR_8(2), STR_7(2), 
		 -> STR_6(17), STR_5(17), STR_4(17), STR_3(17), 
		 -> STR_2(17), STR_1(17), 
 Auto vars:     Size  Location     Type
  location        1    5[BANK0 ] unsigned char 
 Return value:  Size  Location     Type
                  1    wreg      void 
 Registers used:
		wreg, fsr0l, fsr0h, status,2, status,0, btemp+1, pclath, cstack
 Tracked objects:
		On entry : 
		On exit  : 
		Unchanged: 
 Data sizes:     COMMON   BANK0   BANK1   BANK3   BANK2
      Params:         0       5       0       0       0
      Locals:         0       1       0       0       0
      Temps:          1       0       0       0       0
      Totals:         1       6       0       0       0
Total ram usage:        7 bytes
 Hardware stack levels used:    1
 Hardware stack levels required when called:    5
 This function calls:
		_LCD_CONTROL
		_LCD_PRINT
 This function is called by:
		_main
		_VAL
 This function uses a non-reentrant model


 *************** function _LCD_PRINT *****************
 Defined at:
		line 56 in file "LCD.c"
 Parameters:    Size  Location     Type
  data            1    wreg     PTR unsigned char 
		 -> STR_26(2), STR_25(2), STR_24(2), STR_23(2), 
		 -> STR_22(2), STR_21(2), STR_20(2), STR_19(2), 
		 -> STR_18(2), STR_17(2), STR_16(2), STR_15(2), 
		 -> STR_14(2), STR_13(2), STR_12(2), STR_11(2), 
		 -> STR_10(2), STR_9(2), STR_8(2), STR_7(2), 
		 -> STR_6(17), STR_5(17), STR_4(17), STR_3(17), 
		 -> STR_2(17), STR_1(17), 
 Auto vars:     Size  Location     Type
  data            1    9[COMMON] PTR unsigned char 
		 -> STR_26(2), STR_25(2), STR_24(2), STR_23(2), 
		 -> STR_22(2), STR_21(2), STR_20(2), STR_19(2), 
		 -> STR_18(2), STR_17(2), STR_16(2), STR_15(2), 
		 -> STR_14(2), STR_13(2), STR_12(2), STR_11(2), 
		 -> STR_10(2), STR_9(2), STR_8(2), STR_7(2), 
		 -> STR_6(17), STR_5(17), STR_4(17), STR_3(17), 
		 -> STR_2(17), STR_1(17), 
 Return value:  Size  Location     Type
                  1    wreg      void 
 Registers used:
		wreg, fsr0l, fsr0h, status,2, status,0, pclath, cstack
 Tracked objects:
		On entry : 
		On exit  : 
		Unchanged: 
 Data sizes:     COMMON   BANK0   BANK1   BANK3   BANK2
      Params:         0       0       0       0       0
      Locals:         1       0       0       0       0
      Temps:          1       0       0       0       0
      Totals:         2       0       0       0       0
Total ram usage:        2 bytes
 Hardware stack levels used:    1
 Hardware stack levels required when called:    4
 This function calls:
		_LCD_DATO
 This function is called by:
		_LCD_PRINT_WP
 This function uses a non-reentrant model


 *************** function _LCD_DATO *****************
 Defined at:
		line 45 in file "LCD.c"
 Parameters:    Size  Location     Type
  comando         1    wreg     unsigned char 
 Auto vars:     Size  Location     Type
  comando         1    7[COMMON] unsigned char 
 Return value:  Size  Location     Type
                  1    wreg      void 
 Registers used:
		wreg, status,2, status,0, pclath, cstack
 Tracked objects:
		On entry : 
		On exit  : 
		Unchanged: 
 Data sizes:     COMMON   BANK0   BANK1   BANK3   BANK2
      Params:         0       0       0       0       0
      Locals:         1       0       0       0       0
      Temps:          0       0       0       0       0
      Totals:         1       0       0       0       0
Total ram usage:        1 bytes
 Hardware stack levels used:    1
 Hardware stack levels required when called:    3
 This function calls:
		_LCD_PULSE
		_delay_us
 This function is called by:
		_LCD_PRINT
 This function uses a non-reentrant model


 *************** function _LCD_RH *****************
 Defined at:
		line 61 in file "LCD.c"
 Parameters:    Size  Location     Type
		None
 Auto vars:     Size  Location     Type
		None
 Return value:  Size  Location     Type
                  1    wreg      void 
 Registers used:
		wreg, status,2, status,0, btemp+1, pclath, cstack
 Tracked objects:
		On entry : 
		On exit  : 
		Unchanged: 
 Data sizes:     COMMON   BANK0   BANK1   BANK3   BANK2
      Params:         0       0       0       0       0
      Locals:         0       0       0       0       0
      Temps:          0       0       0       0       0
      Totals:         0       0       0       0       0
Total ram usage:        0 bytes
 Hardware stack levels used:    1
 Hardware stack levels required when called:    4
 This function calls:
		_LCD_CONTROL
 This function is called by:
		_main
 This function uses a non-reentrant model


 *************** function _LCD_CLEAR *****************
 Defined at:
		line 52 in file "LCD.c"
 Parameters:    Size  Location     Type
		None
 Auto vars:     Size  Location     Type
		None
 Return value:  Size  Location     Type
                  1    wreg      void 
 Registers used:
		wreg, status,2, status,0, btemp+1, pclath, cstack
 Tracked objects:
		On entry : 
		On exit  : 
		Unchanged: 
 Data sizes:     COMMON   BANK0   BANK1   BANK3   BANK2
      Params:         0       0       0       0       0
      Locals:         0       0       0       0       0
      Temps:          0       0       0       0       0
      Totals:         0       0       0       0       0
Total ram usage:        0 bytes
 Hardware stack levels used:    1
 Hardware stack levels required when called:    4
 This function calls:
		_LCD_CONTROL
 This function is called by:
		_main
 This function uses a non-reentrant model


 *************** function _INIT_LCD *****************
 Defined at:
		line 20 in file "LCD.c"
 Parameters:    Size  Location     Type
		None
 Auto vars:     Size  Location     Type
		None
 Return value:  Size  Location     Type
                  1    wreg      void 
 Registers used:
		wreg, status,2, status,0, btemp+1, pclath, cstack
 Tracked objects:
		On entry : 
		On exit  : 
		Unchanged: 
 Data sizes:     COMMON   BANK0   BANK1   BANK3   BANK2
      Params:         0       0       0       0       0
      Locals:         0       0       0       0       0
      Temps:          0       0       0       0       0
      Totals:         0       0       0       0       0
Total ram usage:        0 bytes
 Hardware stack levels used:    1
 Hardware stack levels required when called:    4
 This function calls:
		_LCD_CONTROL
		_delay_ms
 This function is called by:
		_main
 This function uses a non-reentrant model


 *************** function _LCD_CONTROL *****************
 Defined at:
		line 33 in file "LCD.c"
 Parameters:    Size  Location     Type
  dato            1    wreg     unsigned char 
 Auto vars:     Size  Location     Type
  dato            1    9[COMMON] unsigned char 
 Return value:  Size  Location     Type
                  1    wreg      void 
 Registers used:
		wreg, status,2, status,0, btemp+1, pclath, cstack
 Tracked objects:
		On entry : 
		On exit  : 
		Unchanged: 
 Data sizes:     COMMON   BANK0   BANK1   BANK3   BANK2
      Params:         0       0       0       0       0
      Locals:         1       0       0       0       0
      Temps:          0       0       0       0       0
      Totals:         1       0       0       0       0
Total ram usage:        1 bytes
 Hardware stack levels used:    1
 Hardware stack levels required when called:    3
 This function calls:
		_LCD_PULSE
		_delay_ms
 This function is called by:
		_INIT_LCD
		_LCD_CLEAR
		_LCD_RH
		_LCD_PRINT_WP
 This function uses a non-reentrant model


 *************** function _delay_ms *****************
 Defined at:
		line 17 in file "DELAYS.c"
 Parameters:    Size  Location     Type
  dms             1    wreg     unsigned char 
 Auto vars:     Size  Location     Type
  dms             1    4[COMMON] unsigned char 
  j               2    7[COMMON] int 
  i               2    5[COMMON] int 
 Return value:  Size  Location     Type
                  1    wreg      void 
 Registers used:
		wreg, status,2, btemp+1
 Tracked objects:
		On entry : 
		On exit  : 
		Unchanged: 
 Data sizes:     COMMON   BANK0   BANK1   BANK3   BANK2
      Params:         0       0       0       0       0
      Locals:         5       0       0       0       0
      Temps:          1       0       0       0       0
      Totals:         6       0       0       0       0
Total ram usage:        6 bytes
 Hardware stack levels used:    1
 Hardware stack levels required when called:    1
 This function calls:
		Nothing
 This function is called by:
		_main
		_INIT_LCD
		_LCD_CONTROL
 This function uses a non-reentrant model


 *************** function _LCD_PULSE *****************
 Defined at:
		line 39 in file "LCD.c"
 Parameters:    Size  Location     Type
		None
 Auto vars:     Size  Location     Type
		None
 Return value:  Size  Location     Type
                  1    wreg      void 
 Registers used:
		wreg, status,2, status,0, pclath, cstack
 Tracked objects:
		On entry : 
		On exit  : 
		Unchanged: 
 Data sizes:     COMMON   BANK0   BANK1   BANK3   BANK2
      Params:         0       0       0       0       0
      Locals:         0       0       0       0       0
      Temps:          0       0       0       0       0
      Totals:         0       0       0       0       0
Total ram usage:        0 bytes
 Hardware stack levels used:    1
 Hardware stack levels required when called:    2
 This function calls:
		_delay_us
 This function is called by:
		_LCD_CONTROL
		_LCD_DATO
 This function uses a non-reentrant model


 *************** function _delay_us *****************
 Defined at:
		line 22 in file "DELAYS.c"
 Parameters:    Size  Location     Type
  ams             1    wreg     unsigned char 
 Auto vars:     Size  Location     Type
  ams             1    4[COMMON] unsigned char 
  j               2    5[COMMON] int 
 Return value:  Size  Location     Type
                  1    wreg      void 
 Registers used:
		wreg, status,2
 Tracked objects:
		On entry : 
		On exit  : 
		Unchanged: 
 Data sizes:     COMMON   BANK0   BANK1   BANK3   BANK2
      Params:         0       0       0       0       0
      Locals:         3       0       0       0       0
      Temps:          1       0       0       0       0
      Totals:         4       0       0       0       0
Total ram usage:        4 bytes
 Hardware stack levels used:    1
 Hardware stack levels required when called:    1
 This function calls:
		Nothing
 This function is called by:
		_LCD_PULSE
		_LCD_DATO
 This function uses a non-reentrant model


 *************** function _CONFIG_USART *****************
 Defined at:
		line 4 in file "USART.c"
 Parameters:    Size  Location     Type
  BAUD            4    7[BANK0 ] long 
 Auto vars:     Size  Location     Type
		None
 Return value:  Size  Location     Type
                  1    wreg      void 
 Registers used:
		wreg, status,2, status,0, pclath, cstack
 Tracked objects:
		On entry : 
		On exit  : 
		Unchanged: 
 Data sizes:     COMMON   BANK0   BANK1   BANK3   BANK2
      Params:         0       4       0       0       0
      Locals:         0       4       0       0       0
      Temps:          0       0       0       0       0
      Totals:         0       8       0       0       0
Total ram usage:        8 bytes
 Hardware stack levels used:    1
 Hardware stack levels required when called:    2
 This function calls:
		___aldiv
 This function is called by:
		_main
 This function uses a non-reentrant model


 *************** function ___aldiv *****************
 Defined at:
		line 5 in file "C:\Program Files (x86)\Microchip\xc8\v2.10\pic\sources\c90\common\aldiv.c"
 Parameters:    Size  Location     Type
  divisor         4    3[COMMON] long 
  dividend        4    7[COMMON] long 
 Auto vars:     Size  Location     Type
  quotient        4    3[BANK0 ] long 
  sign            1    2[BANK0 ] unsigned char 
  counter         1    1[BANK0 ] unsigned char 
 Return value:  Size  Location     Type
                  4    3[COMMON] long 
 Registers used:
		wreg, status,2, status,0
 Tracked objects:
		On entry : 
		On exit  : 
		Unchanged: 
 Data sizes:     COMMON   BANK0   BANK1   BANK3   BANK2
      Params:         8       0       0       0       0
      Locals:         0       6       0       0       0
      Temps:          0       1       0       0       0
      Totals:         8       7       0       0       0
Total ram usage:       15 bytes
 Hardware stack levels used:    1
 Hardware stack levels required when called:    1
 This function calls:
		Nothing
 This function is called by:
		_CONFIG_USART
 This function uses a non-reentrant model


 *************** function _CONFIG_ADC *****************
 Defined at:
		line 15 in file "ADC.c"
 Parameters:    Size  Location     Type
		None
 Auto vars:     Size  Location     Type
		None
 Return value:  Size  Location     Type
                  1    wreg      void 
 Registers used:
		None
 Tracked objects:
		On entry : 
		On exit  : 
		Unchanged: 
 Data sizes:     COMMON   BANK0   BANK1   BANK3   BANK2
      Params:         0       0       0       0       0
      Locals:         0       0       0       0       0
      Temps:          0       0       0       0       0
      Totals:         0       0       0       0       0
Total ram usage:        0 bytes
 Hardware stack levels used:    1
 Hardware stack levels required when called:    1
 This function calls:
		Nothing
 This function is called by:
		_main
 This function uses a non-reentrant model


 *************** function _isr *****************
 Defined at:
		line 32 in file "main.c"
 Parameters:    Size  Location     Type
		None
 Auto vars:     Size  Location     Type
		None
 Return value:  Size  Location     Type
                  1    wreg      void 
 Registers used:
		wreg, status,2, status,0
 Tracked objects:
		On entry : 
		On exit  : 
		Unchanged: 
 Data sizes:     COMMON   BANK0   BANK1   BANK3   BANK2
      Params:         0       0       0       0       0
      Locals:         0       0       0       0       0
      Temps:          3       0       0       0       0
      Totals:         3       0       0       0       0
Total ram usage:        3 bytes
 Hardware stack levels used:    1
 This function calls:
		Nothing
 This function is called by:
		Interrupt level 1
 This function uses a non-reentrant model



MODULE INFORMATION

Module		Function		Class		Link	Load	Size
USART.c
		_CONFIG_USART  		CODE           	0694	0000	61

USART.c estimated size: 61

C:\Program Files (x86)\Microchip\xc8\v2.10\pic\sources\c90\common\awdiv.c
		___awdiv       		CODE           	05D2	0000	106

C:\Program Files (x86)\Microchip\xc8\v2.10\pic\sources\c90\common\awdiv.c estimated size: 106

C:\Program Files (x86)\Microchip\xc8\v2.10\pic\sources\c90\common\aldiv.c
		___aldiv       		CODE           	04B9	0000	158

C:\Program Files (x86)\Microchip\xc8\v2.10\pic\sources\c90\common\aldiv.c estimated size: 158

shared
		__stringtab    		STRING         	0556	0000	7
		__initialization		CODE           	000F	0000	15

shared estimated size: 22

DELAYS.c
		_delay_us      		CODE           	07BE	0000	26
		_delay_ms      		CODE           	0703	0000	46

DELAYS.c estimated size: 72

ADC.c
		_CONFIG_ADC    		CODE           	0FDF	0000	16

ADC.c estimated size: 16

C:\Program Files (x86)\Microchip\xc8\v2.10\pic\sources\c90\common\awmod.c
		___awmod       		CODE           	063B	0000	90

C:\Program Files (x86)\Microchip\xc8\v2.10\pic\sources\c90\common\awmod.c estimated size: 90

main.c
		_main          		CODE           	03AB	0000	271
		_isr           		CODE           	06D0	0000	52
		_setup         		CODE           	0759	0000	37

main.c estimated size: 360

LCD.c
		_LCD_DATO      		CODE           	07EA	0000	19
		_LCD_RH        		CODE           	0FD8	0000	8
		_INIT_LCD      		CODE           	0730	0000	42
		_LCD_CLEAR     		CODE           	0FD1	0000	8
		_LCD_PRINT     		CODE           	079F	0000	32
		_VAL           		CODE           	0021	0000	907
		_LCD_PRINT_WP  		CODE           	077D	0000	35
		_LCD_PULSE     		CODE           	07D7	0000	20
		_LCD_CONTROL   		CODE           	0FEE	0000	19

LCD.c estimated size: 1090

