Microchip MPLAB XC8 Compiler V2.10 ()

Linker command line:

-W-3 --edf=C:\Program Files (x86)\Microchip\xc8\v2.10\pic\dat\en_msgs.txt \
  -cs -h+dist/default/debug\Laboratorio_No.3.X.debug.sym \
  --cmf=dist/default/debug\Laboratorio_No.3.X.debug.cmf -z -Q16F887 \
  -oC:\Users\LJNC\AppData\Local\Temp\sg1g.2 --defsym=__MPLAB_BUILD=1 \
  -Mdist/default/debug/Laboratorio_No.3.X.debug.map -E1 -ver=XC8 \
  --acfsm=1493 -ASTACK=0110h-016Fh -pstack=STACK \
  -ACODE=00h-07FFhx3,01800h-01EFFh,01FFFh-01FFFh \
  -ASTRCODE=00h-01EFFh,01FFFh-01FFFh -ASTRING=00h-0FFhx31,01FFFh-01FFFh \
  -ACONST=00h-0FFhx31,01FFFh-01FFFh -AENTRY=00h-0FFhx31,01FFFh-01FFFh \
  -ACOMMON=071h-07Fh -ABANK0=020h-06Fh -ABANK1=0A0h-0EFh \
  -ABANK2=0110h-016Fh -ABANK3=0190h-01E4h \
  -ARAM=020h-06Fh,0A0h-0EFh,0110h-016Fh,0190h-01E4h \
  -AABS1=020h-07Fh,0A0h-0EFh,0110h-016Fh,0190h-01EFh -ASFR0=00h-01Fh \
  -ASFR1=080h-09Fh -ASFR2=0100h-010Fh -ASFR3=0180h-018Fh \
  -preset_vec=00h,intentry=04h,init,end_init -ppowerup=CODE -pcinit=CODE \
  -pfunctab=ENTRY -ACONFIG=02007h-02008h -pconfig=CONFIG -DCONFIG=2 \
  -AIDLOC=02000h-02003h -pidloc=IDLOC -DIDLOC=2 -AEEDATA=00h-0FFh/02100h \
  -peeprom_data=EEDATA -DEEDATA=2 -DCODE=2 -DSTRCODE=2 -DSTRING=2 -DCONST=2 \
  -DENTRY=2 -k C:\Users\LJNC\AppData\Local\Temp\sg1g.o \
  dist/default/debug\Laboratorio_No.3.X.debug.o 

Object code version is 3.11

Machine type is 16F887



                Name                               Link     Load   Length Selector   Space Scale
C:\Users\LJNC\AppData\Local\Temp\sg1g.o
                end_init                              C        C        3        8       0
                reset_vec                             0        0        4        0       0
                config                             2007     2007        2     400E       0
dist/default/debug\Laboratorio_No.3.X.debug.o
                cinit                               7F5      7F5        B      FEA       0
                intentry                              4        4        8        8       0
                text16                              4D2      4D2       2F      9A4       0
                text15                              3B4      3B4        F      768       0
                text14                              3FA      3FA       19      7F4       0
                text13                              3E7      3E7       13      7CE       0
                text12                              4A5      4A5       2D      94A       0
                text11                              3C3      3C3       12      786       0
                text10                              47C      47C       29      8F8       0
                text9                               3A6      3A6        7      74C       0
                text8                               3AD      3AD        7      75A       0
                text7                               3D5      3D5       12      7AA       0
                text6                               435      435       23      86A       0
                text5                               413      413       22      826       0
                text4                               55C      55C       69      AB8       0
                text3                               501      501       5B      A02       0
                text2                               6A6      6A6      14F      D4C       0
                text1                               458      458       24      8B0       0
                maintext                            5C5      5C5       E1      B8A       0
                cstackBANK0                          20       20       12       20       1
                cstackCOMMON                         71       71        9       71       1
                bssBANK0                             32       32        4       20       1
                bssCOMMON                            7A       7A        1       71       1
                strings                               F        F       96       1E       0

TOTAL           Name                               Link     Load   Length     Space
        CLASS   STACK          

        CLASS   CODE           
                end_init                              C        C        3         0
                cinit                               7F5      7F5        B         0
                intentry                              4        4        8         0
                reset_vec                             0        0        4         0
                text16                              4D2      4D2       2F         0
                text15                              3B4      3B4        F         0
                text14                              3FA      3FA       19         0
                text13                              3E7      3E7       13         0
                text12                              4A5      4A5       2D         0
                text11                              3C3      3C3       12         0
                text10                              47C      47C       29         0
                text9                               3A6      3A6        7         0
                text8                               3AD      3AD        7         0
                text7                               3D5      3D5       12         0
                text6                               435      435       23         0
                text5                               413      413       22         0
                text4                               55C      55C       69         0
                text3                               501      501       5B         0
                text2                               6A6      6A6      14F         0
                text1                               458      458       24         0
                maintext                            5C5      5C5       E1         0

        CLASS   STRCODE        

        CLASS   STRING         
                strings                               F        F       96         0

        CLASS   CONST          

        CLASS   ENTRY          

        CLASS   COMMON         
                cstackCOMMON                         71       71        9         1
                bssCOMMON                            7A       7A        1         1

        CLASS   BANK0          
                cstackBANK0                          20       20       12         1
                bssBANK0                             32       32        4         1

        CLASS   BANK1          

        CLASS   BANK2          

        CLASS   BANK3          

        CLASS   RAM            

        CLASS   ABS1           
                abs_s1                               7E       7E        2         1

        CLASS   SFR0           

        CLASS   SFR1           

        CLASS   SFR2           

        CLASS   SFR3           

        CLASS   CONFIG         
                config                             2007     2007        2         0

        CLASS   IDLOC          

        CLASS   EEDATA         



SEGMENTS        Name                           Load    Length   Top    Selector   Space  Class     Delta

                reset_vec                      000000  000004  000004         0       0  CODE        2
                intentry                       000004  00000B  00000F         8       0  CODE        2
                strings                        00000F  000096  0000A5        1E       0  STRING      2
                cstackBANK0                    000020  000016  000036        20       1  BANK0       1
                cstackCOMMON                   000071  00000A  00007B        71       1  COMMON      1
                text9                          0003A6  000007  0003AD       74C       0  CODE        2
                text8                          0003AD  000007  0003B4       75A       0  CODE        2
                text15                         0003B4  00000F  0003C3       768       0  CODE        2
                text11                         0003C3  000012  0003D5       786       0  CODE        2
                text7                          0003D5  000012  0003E7       7AA       0  CODE        2
                text13                         0003E7  000013  0003FA       7CE       0  CODE        2
                text14                         0003FA  000019  000413       7F4       0  CODE        2
                text5                          000413  000022  000435       826       0  CODE        2
                text6                          000435  000023  000458       86A       0  CODE        2
                text1                          000458  000024  00047C       8B0       0  CODE        2
                text10                         00047C  000029  0004A5       8F8       0  CODE        2
                text12                         0004A5  00002D  0004D2       94A       0  CODE        2
                text16                         0004D2  00002F  000501       9A4       0  CODE        2
                text3                          000501  00005B  00055C       A02       0  CODE        2
                text4                          00055C  000069  0005C5       AB8       0  CODE        2
                maintext                       0005C5  0000E1  0006A6       B8A       0  CODE        2
                text2                          0006A6  00014F  0007F5       D4C       0  CODE        2
                cinit                          0007F5  00000B  000800       FEA       0  CODE        2
                config                         002007  000002  002009      400E       0  CONFIG      2


UNUSED ADDRESS RANGES

        Name                Unused          Largest block    Delta
        BANK0            0036-006F             3A           1
        BANK1            00A0-00EF             50           1
        BANK2            0110-016F             60           1
        BANK3            0190-01E4             55           1
        CODE             00A5-03A5            301           2
                         0800-1EFF            800
                         1FFF-1FFF              1
        COMMON           007B-007D              3           1
        CONST            00A5-03A5            100           2
                         0800-1EFF            100
                         1FFF-1FFF              1
        EEDATA           2100-21FF            100           2
        ENTRY            00A5-03A5            100           2
                         0800-1EFF            100
                         1FFF-1FFF              1
        IDLOC            2000-2003              4           2
        RAM              0036-006F             3A           1
                         00A0-00EF             50
                         0110-016F             60
                         0190-01E4             55
        SFR0             0000-001F             20           1
        SFR1             0080-009F             20           1
        SFR2             0100-010F             10           1
        SFR3             0180-018F             10           1
        STACK            0110-016F             60           1
        STRCODE          00A5-03A5            301           2
                         0800-1EFF           1700
                         1FFF-1FFF              1
        STRING           00A5-03A5            100           2
                         0800-1EFF            100
                         1FFF-1FFF              1

                                  Symbol Table

?___awdiv                 cstackBANK0  0022
?___awmod                 cstackCOMMON 0074
LCD_CONTROL@dato          cstackBANK0  0020
LCD_DATO@comando          cstackCOMMON 0078
LCD_PRINT@data            cstackBANK0  0020
LCD_PRINT_WP@frase        cstackBANK0  0025
LCD_PRINT_WP@location     cstackBANK0  0027
LCD_PRINT_WP@x            cstackBANK0  0021
LCD_PRINT_WP@y            cstackBANK0  0023
VAL@column                cstackBANK0  002A
VAL@result                cstackBANK0  002F
VAL@unidades              cstackBANK0  0030
_ADCAN0                   bssBANK0     0033
_ADCAN1                   bssBANK0     0032
_ADCON0bits               (abs)        001F
_ADCON1bits               (abs)        009F
_ADRESH                   (abs)        001E
_ANSEL                    (abs)        0188
_ANSELH                   (abs)        0189
_CONFIG_ADC               text15       03B4
_INIT_LCD                 text10       047C
_INTCONbits               (abs)        000B
_LCD_CLEAR                text9        03A6
_LCD_CONTROL              text11       03C3
_LCD_DATO                 text7        03D5
_LCD_PRINT                text6        0435
_LCD_PRINT_WP             text5        0413
_LCD_PULSE                text13       03E7
_LCD_RH                   text8        03AD
_OPTION_REGbits           (abs)        0081
_PORTB                    (abs)        0006
_PORTC                    (abs)        0007
_PORTD                    (abs)        0008
_PORTE                    (abs)        0009
_PORTEbits                (abs)        0009
_TMR0                     (abs)        0001
_TRISA                    (abs)        0085
_TRISB                    (abs)        0086
_TRISC                    (abs)        0087
_TRISD                    (abs)        0088
_TRISE                    (abs)        0089
_TRISEbits                (abs)        0089
_VAL                      text2        06A6
__CFG_BOR4V$BOR40V        (abs)        0000
__CFG_BOREN$OFF           (abs)        0000
__CFG_CP$OFF              (abs)        0000
__CFG_CPD$OFF             (abs)        0000
__CFG_FCMEN$OFF           (abs)        0000
__CFG_FOSC$INTRC_NOCLKOUT (abs)        0000
__CFG_IESO$OFF            (abs)        0000
__CFG_LVP$OFF             (abs)        0000
__CFG_MCLRE$OFF           (abs)        0000
__CFG_PWRTE$OFF           (abs)        0000
__CFG_WDTE$OFF            (abs)        0000
__CFG_WRT$OFF             (abs)        0000
__Habs1                   abs1         0000
__Hbank0                  bank0        0000
__Hbank1                  bank1        0000
__Hbank2                  bank2        0000
__Hbank3                  bank3        0000
__HbssBANK0               bssBANK0     0000
__HbssCOMMON              bssCOMMON    0000
__Hcinit                  cinit        0800
__Hclrtext                clrtext      0000
__Hcode                   code         0000
__Hcommon                 common       0000
__Hconfig                 config       2009
__HcstackBANK0            cstackBANK0  0000
__HcstackCOMMON           cstackCOMMON 0000
__Heeprom_data            eeprom_data  0000
__Hend_init               end_init     000F
__Hfunctab                functab      0000
__Hidloc                  idloc        0000
__Hinit                   init         000C
__Hintentry               intentry     000C
__Hmaintext               maintext     0000
__Hpowerup                powerup      0000
__Hram                    ram          0000
__Hreset_vec              reset_vec    0004
__Hsfr0                   sfr0         0000
__Hsfr1                   sfr1         0000
__Hsfr2                   sfr2         0000
__Hsfr3                   sfr3         0000
__Hspace_0                (abs)        2009
__Hspace_1                (abs)        007B
__Hspace_2                (abs)        0000
__Hspace_3                (abs)        0000
__Hstack                  stack        0000
__Hstrings                strings      0000
__Htext                   text         0000
__Labs1                   abs1         0000
__Lbank0                  bank0        0000
__Lbank1                  bank1        0000
__Lbank2                  bank2        0000
__Lbank3                  bank3        0000
__LbssBANK0               bssBANK0     0000
__LbssCOMMON              bssCOMMON    0000
__Lcinit                  cinit        07F5
__Lclrtext                clrtext      0000
__Lcode                   code         0000
__Lcommon                 common       0000
__Lconfig                 config       2007
__LcstackBANK0            cstackBANK0  0000
__LcstackCOMMON           cstackCOMMON 0000
__Leeprom_data            eeprom_data  0000
__Lend_init               end_init     000C
__Lfunctab                functab      0000
__Lidloc                  idloc        0000
__Linit                   init         000C
__Lintentry               intentry     0004
__Lmaintext               maintext     0000
__Lpowerup                powerup      0000
__Lram                    ram          0000
__Lreset_vec              reset_vec    0000
__Lsfr0                   sfr0         0000
__Lsfr1                   sfr1         0000
__Lsfr2                   sfr2         0000
__Lsfr3                   sfr3         0000
__Lspace_0                (abs)        0000
__Lspace_1                (abs)        0000
__Lspace_2                (abs)        0000
__Lspace_3                (abs)        0000
__Lstack                  stack        0000
__Lstrings                strings      0000
__Ltext                   text         0000
__S0                      (abs)        2009
__S1                      (abs)        007B
__S2                      (abs)        0000
__S3                      (abs)        0000
___awdiv                  text4        055C
___awdiv@counter          cstackBANK0  0026
___awdiv@dividend         cstackBANK0  0024
___awdiv@divisor          cstackBANK0  0022
___awdiv@quotient         cstackBANK0  0028
___awdiv@sign             cstackBANK0  0027
___awmod                  text3        0501
___awmod@counter          cstackBANK0  0020
___awmod@dividend         cstackCOMMON 0076
___awmod@divisor          cstackCOMMON 0074
___awmod@sign             cstackBANK0  0021
___int_sp                 stack        0000
___latbits                (abs)        0002
___sp                     stack        0000
___stackhi                (abs)        0000
___stacklo                (abs)        0000
__end_of_CONFIG_ADC       text15       03C3
__end_of_INIT_LCD         text10       04A5
__end_of_LCD_CLEAR        text9        03AD
__end_of_LCD_CONTROL      text11       03D5
__end_of_LCD_DATO         text7        03E7
__end_of_LCD_PRINT        text6        0458
__end_of_LCD_PRINT_WP     text5        0435
__end_of_LCD_PULSE        text13       03FA
__end_of_LCD_RH           text8        03B4
__end_of_VAL              text2        07F5
__end_of___awdiv          text4        05C5
__end_of___awmod          text3        055C
__end_of__initialization  cinit        07FC
__end_of__stringtab       strings      0015
__end_of_delay_ms         text12       04D2
__end_of_delay_us         text14       0413
__end_of_isr              text16       0501
__end_of_main             maintext     06A6
__end_of_setup            text1        047C
__initialization          cinit        07F5
__pbssBANK0               bssBANK0     0032
__pbssCOMMON              bssCOMMON    007A
__pcstackBANK0            cstackBANK0  0020
__pcstackCOMMON           cstackCOMMON 0071
__pintentry               intentry     0004
__pmaintext               maintext     05C5
__pstrings                strings      000F
__ptext1                  text1        0458
__ptext10                 text10       047C
__ptext11                 text11       03C3
__ptext12                 text12       04A5
__ptext13                 text13       03E7
__ptext14                 text14       03FA
__ptext15                 text15       03B4
__ptext16                 text16       04D2
__ptext2                  text2        06A6
__ptext3                  text3        0501
__ptext4                  text4        055C
__ptext5                  text5        0413
__ptext6                  text6        0435
__ptext7                  text7        03D5
__ptext8                  text8        03AD
__ptext9                  text9        03A6
__size_of_CONFIG_ADC      (abs)        0000
__size_of_INIT_LCD        (abs)        0000
__size_of_LCD_CLEAR       (abs)        0000
__size_of_LCD_CONTROL     (abs)        0000
__size_of_LCD_DATO        (abs)        0000
__size_of_LCD_PRINT       (abs)        0000
__size_of_LCD_PRINT_WP    (abs)        0000
__size_of_LCD_PULSE       (abs)        0000
__size_of_LCD_RH          (abs)        0000
__size_of_VAL             (abs)        0000
__size_of___awdiv         (abs)        0000
__size_of___awmod         (abs)        0000
__size_of_delay_ms        (abs)        0000
__size_of_delay_us        (abs)        0000
__size_of_isr             (abs)        0000
__size_of_main            (abs)        0000
__size_of_setup           (abs)        0000
__stringbase              strings      0014
__stringtab               strings      000F
_cambiante                bssBANK0     0035
_delay_ms                 text12       04A5
_delay_us                 text14       03FA
_eADC                     bssBANK0     0034
_isr                      text16       04D2
_main                     maintext     05C5
_setup                    text1        0458
btemp                     (abs)        007E
delay_ms@dms              cstackCOMMON 0075
delay_ms@i                cstackCOMMON 0076
delay_ms@j                cstackCOMMON 0078
delay_us@ams              cstackCOMMON 0075
delay_us@j                cstackCOMMON 0076
end_of_initialization     cinit        07FC
interrupt_function        intentry     0004
intlevel0                 functab      0000
intlevel1                 functab      0000
intlevel2                 functab      0000
intlevel3                 functab      0000
intlevel4                 functab      0000
intlevel5                 functab      0000
reset_vec                 reset_vec    0000
saved_w                   (abs)        007E
start                     init         000C
start_initialization      cinit        07F5
wtemp0                    (abs)        007E


FUNCTION INFORMATION:

 *************** function _main *****************
 Defined at:
		line 42 in file "main.c"
 Parameters:    Size  Location     Type
		None
 Auto vars:     Size  Location     Type
		None
 Return value:  Size  Location     Type
                  1    wreg      void 
 Registers used:
		wreg, fsr0l, fsr0h, status,2, status,0, btemp+1, pclath, cstack
 Tracked objects:
		On entry : 
		On exit  : 
		Unchanged: 
 Data sizes:     COMMON   BANK0   BANK1   BANK3   BANK2
      Params:         0       0       0       0       0
      Locals:         0       0       0       0       0
      Temps:          0       1       0       0       0
      Totals:         0       1       0       0       0
Total ram usage:        1 bytes
 Hardware stack levels required when called:    7
 This function calls:
		_CONFIG_ADC
		_INIT_LCD
		_LCD_CLEAR
		_LCD_PRINT_WP
		_LCD_RH
		_VAL
		_delay_ms
		_setup
 This function is called by:
		Startup code after reset
 This function uses a non-reentrant model


 *************** function _setup *****************
 Defined at:
		line 74 in file "main.c"
 Parameters:    Size  Location     Type
		None
 Auto vars:     Size  Location     Type
		None
 Return value:  Size  Location     Type
                  1    wreg      void 
 Registers used:
		wreg, status,2
 Tracked objects:
		On entry : 
		On exit  : 
		Unchanged: 
 Data sizes:     COMMON   BANK0   BANK1   BANK3   BANK2
      Params:         0       0       0       0       0
      Locals:         0       0       0       0       0
      Temps:          0       0       0       0       0
      Totals:         0       0       0       0       0
Total ram usage:        0 bytes
 Hardware stack levels used:    1
 Hardware stack levels required when called:    1
 This function calls:
		Nothing
 This function is called by:
		_main
 This function uses a non-reentrant model


 *************** function _VAL *****************
 Defined at:
		line 72 in file "LCD.c"
 Parameters:    Size  Location     Type
  result          1    wreg     unsigned char 
  column          1   10[BANK0 ] unsigned char 
 Auto vars:     Size  Location     Type
  result          1   15[BANK0 ] unsigned char 
  unidades        1   16[BANK0 ] unsigned char 
 Return value:  Size  Location     Type
                  1    wreg      void 
 Registers used:
		wreg, fsr0l, fsr0h, status,2, status,0, btemp+1, pclath, cstack
 Tracked objects:
		On entry : 
		On exit  : 
		Unchanged: 
 Data sizes:     COMMON   BANK0   BANK1   BANK3   BANK2
      Params:         0       1       0       0       0
      Locals:         0       2       0       0       0
      Temps:          0       4       0       0       0
      Totals:         0       7       0       0       0
Total ram usage:        7 bytes
 Hardware stack levels used:    1
 Hardware stack levels required when called:    6
 This function calls:
		_LCD_PRINT_WP
		___awdiv
		___awmod
 This function is called by:
		_main
 This function uses a non-reentrant model


 *************** function ___awmod *****************
 Defined at:
		line 5 in file "C:\Program Files (x86)\Microchip\xc8\v2.10\pic\sources\c90\common\awmod.c"
 Parameters:    Size  Location     Type
  divisor         2    3[COMMON] int 
  dividend        2    5[COMMON] int 
 Auto vars:     Size  Location     Type
  sign            1    1[BANK0 ] unsigned char 
  counter         1    0[BANK0 ] unsigned char 
 Return value:  Size  Location     Type
                  2    3[COMMON] int 
 Registers used:
		wreg, status,2, status,0
 Tracked objects:
		On entry : 
		On exit  : 
		Unchanged: 
 Data sizes:     COMMON   BANK0   BANK1   BANK3   BANK2
      Params:         4       0       0       0       0
      Locals:         0       2       0       0       0
      Temps:          1       0       0       0       0
      Totals:         5       2       0       0       0
Total ram usage:        7 bytes
 Hardware stack levels used:    1
 Hardware stack levels required when called:    1
 This function calls:
		Nothing
 This function is called by:
		_VAL
 This function uses a non-reentrant model


 *************** function ___awdiv *****************
 Defined at:
		line 5 in file "C:\Program Files (x86)\Microchip\xc8\v2.10\pic\sources\c90\common\awdiv.c"
 Parameters:    Size  Location     Type
  divisor         2    2[BANK0 ] int 
  dividend        2    4[BANK0 ] int 
 Auto vars:     Size  Location     Type
  quotient        2    8[BANK0 ] int 
  sign            1    7[BANK0 ] unsigned char 
  counter         1    6[BANK0 ] unsigned char 
 Return value:  Size  Location     Type
                  2    2[BANK0 ] int 
 Registers used:
		wreg, status,2, status,0
 Tracked objects:
		On entry : 
		On exit  : 
		Unchanged: 
 Data sizes:     COMMON   BANK0   BANK1   BANK3   BANK2
      Params:         0       4       0       0       0
      Locals:         0       4       0       0       0
      Temps:          1       0       0       0       0
      Totals:         1       8       0       0       0
Total ram usage:        9 bytes
 Hardware stack levels used:    1
 Hardware stack levels required when called:    1
 This function calls:
		Nothing
 This function is called by:
		_VAL
 This function uses a non-reentrant model


 *************** function _LCD_PRINT_WP *****************
 Defined at:
		line 63 in file "LCD.c"
 Parameters:    Size  Location     Type
  x               2    1[BANK0 ] int 
  y               2    3[BANK0 ] int 
  frase           1    5[BANK0 ] PTR unsigned char 
		 -> STR_18(7), STR_17(7), STR_16(7), STR_15(7), 
		 -> STR_14(7), STR_13(7), STR_12(7), STR_11(7), 
		 -> STR_10(7), STR_9(7), STR_8(7), STR_7(7), 
		 -> STR_6(17), STR_5(17), STR_4(17), STR_3(17), 
		 -> STR_2(17), STR_1(17), 
 Auto vars:     Size  Location     Type
  location        1    7[BANK0 ] unsigned char 
 Return value:  Size  Location     Type
                  1    wreg      void 
 Registers used:
		wreg, fsr0l, fsr0h, status,2, status,0, btemp+1, pclath, cstack
 Tracked objects:
		On entry : 
		On exit  : 
		Unchanged: 
 Data sizes:     COMMON   BANK0   BANK1   BANK3   BANK2
      Params:         0       5       0       0       0
      Locals:         0       1       0       0       0
      Temps:          0       1       0       0       0
      Totals:         0       7       0       0       0
Total ram usage:        7 bytes
 Hardware stack levels used:    1
 Hardware stack levels required when called:    5
 This function calls:
		_LCD_CONTROL
		_LCD_PRINT
 This function is called by:
		_main
		_VAL
 This function uses a non-reentrant model


 *************** function _LCD_PRINT *****************
 Defined at:
		line 56 in file "LCD.c"
 Parameters:    Size  Location     Type
  data            1    wreg     PTR unsigned char 
		 -> STR_18(7), STR_17(7), STR_16(7), STR_15(7), 
		 -> STR_14(7), STR_13(7), STR_12(7), STR_11(7), 
		 -> STR_10(7), STR_9(7), STR_8(7), STR_7(7), 
		 -> STR_6(17), STR_5(17), STR_4(17), STR_3(17), 
		 -> STR_2(17), STR_1(17), 
 Auto vars:     Size  Location     Type
  data            1    0[BANK0 ] PTR unsigned char 
		 -> STR_18(7), STR_17(7), STR_16(7), STR_15(7), 
		 -> STR_14(7), STR_13(7), STR_12(7), STR_11(7), 
		 -> STR_10(7), STR_9(7), STR_8(7), STR_7(7), 
		 -> STR_6(17), STR_5(17), STR_4(17), STR_3(17), 
		 -> STR_2(17), STR_1(17), 
 Return value:  Size  Location     Type
                  1    wreg      void 
 Registers used:
		wreg, fsr0l, fsr0h, status,2, status,0, pclath, cstack
 Tracked objects:
		On entry : 
		On exit  : 
		Unchanged: 
 Data sizes:     COMMON   BANK0   BANK1   BANK3   BANK2
      Params:         0       0       0       0       0
      Locals:         0       1       0       0       0
      Temps:          1       0       0       0       0
      Totals:         1       1       0       0       0
Total ram usage:        2 bytes
 Hardware stack levels used:    1
 Hardware stack levels required when called:    4
 This function calls:
		_LCD_DATO
 This function is called by:
		_LCD_PRINT_WP
 This function uses a non-reentrant model


 *************** function _LCD_DATO *****************
 Defined at:
		line 45 in file "LCD.c"
 Parameters:    Size  Location     Type
  comando         1    wreg     unsigned char 
 Auto vars:     Size  Location     Type
  comando         1    7[COMMON] unsigned char 
 Return value:  Size  Location     Type
                  1    wreg      void 
 Registers used:
		wreg, status,2, status,0, pclath, cstack
 Tracked objects:
		On entry : 
		On exit  : 
		Unchanged: 
 Data sizes:     COMMON   BANK0   BANK1   BANK3   BANK2
      Params:         0       0       0       0       0
      Locals:         1       0       0       0       0
      Temps:          0       0       0       0       0
      Totals:         1       0       0       0       0
Total ram usage:        1 bytes
 Hardware stack levels used:    1
 Hardware stack levels required when called:    3
 This function calls:
		_LCD_PULSE
		_delay_us
 This function is called by:
		_LCD_PRINT
 This function uses a non-reentrant model


 *************** function _LCD_RH *****************
 Defined at:
		line 61 in file "LCD.c"
 Parameters:    Size  Location     Type
		None
 Auto vars:     Size  Location     Type
		None
 Return value:  Size  Location     Type
                  1    wreg      void 
 Registers used:
		wreg, status,2, status,0, btemp+1, pclath, cstack
 Tracked objects:
		On entry : 
		On exit  : 
		Unchanged: 
 Data sizes:     COMMON   BANK0   BANK1   BANK3   BANK2
      Params:         0       0       0       0       0
      Locals:         0       0       0       0       0
      Temps:          0       0       0       0       0
      Totals:         0       0       0       0       0
Total ram usage:        0 bytes
 Hardware stack levels used:    1
 Hardware stack levels required when called:    4
 This function calls:
		_LCD_CONTROL
 This function is called by:
		_main
 This function uses a non-reentrant model


 *************** function _LCD_CLEAR *****************
 Defined at:
		line 52 in file "LCD.c"
 Parameters:    Size  Location     Type
		None
 Auto vars:     Size  Location     Type
		None
 Return value:  Size  Location     Type
                  1    wreg      void 
 Registers used:
		wreg, status,2, status,0, btemp+1, pclath, cstack
 Tracked objects:
		On entry : 
		On exit  : 
		Unchanged: 
 Data sizes:     COMMON   BANK0   BANK1   BANK3   BANK2
      Params:         0       0       0       0       0
      Locals:         0       0       0       0       0
      Temps:          0       0       0       0       0
      Totals:         0       0       0       0       0
Total ram usage:        0 bytes
 Hardware stack levels used:    1
 Hardware stack levels required when called:    4
 This function calls:
		_LCD_CONTROL
 This function is called by:
		_main
 This function uses a non-reentrant model


 *************** function _INIT_LCD *****************
 Defined at:
		line 20 in file "LCD.c"
 Parameters:    Size  Location     Type
		None
 Auto vars:     Size  Location     Type
		None
 Return value:  Size  Location     Type
                  1    wreg      void 
 Registers used:
		wreg, status,2, status,0, btemp+1, pclath, cstack
 Tracked objects:
		On entry : 
		On exit  : 
		Unchanged: 
 Data sizes:     COMMON   BANK0   BANK1   BANK3   BANK2
      Params:         0       0       0       0       0
      Locals:         0       0       0       0       0
      Temps:          0       0       0       0       0
      Totals:         0       0       0       0       0
Total ram usage:        0 bytes
 Hardware stack levels used:    1
 Hardware stack levels required when called:    4
 This function calls:
		_LCD_CONTROL
		_delay_ms
 This function is called by:
		_main
 This function uses a non-reentrant model


 *************** function _LCD_CONTROL *****************
 Defined at:
		line 33 in file "LCD.c"
 Parameters:    Size  Location     Type
  dato            1    wreg     unsigned char 
 Auto vars:     Size  Location     Type
  dato            1    0[BANK0 ] unsigned char 
 Return value:  Size  Location     Type
                  1    wreg      void 
 Registers used:
		wreg, status,2, status,0, btemp+1, pclath, cstack
 Tracked objects:
		On entry : 
		On exit  : 
		Unchanged: 
 Data sizes:     COMMON   BANK0   BANK1   BANK3   BANK2
      Params:         0       0       0       0       0
      Locals:         0       1       0       0       0
      Temps:          0       0       0       0       0
      Totals:         0       1       0       0       0
Total ram usage:        1 bytes
 Hardware stack levels used:    1
 Hardware stack levels required when called:    3
 This function calls:
		_LCD_PULSE
		_delay_ms
 This function is called by:
		_INIT_LCD
		_LCD_CLEAR
		_LCD_RH
		_LCD_PRINT_WP
 This function uses a non-reentrant model


 *************** function _delay_ms *****************
 Defined at:
		line 17 in file "DELAYS.c"
 Parameters:    Size  Location     Type
  dms             1    wreg     unsigned char 
 Auto vars:     Size  Location     Type
  dms             1    4[COMMON] unsigned char 
  j               2    7[COMMON] int 
  i               2    5[COMMON] int 
 Return value:  Size  Location     Type
                  1    wreg      void 
 Registers used:
		wreg, status,2, btemp+1
 Tracked objects:
		On entry : 
		On exit  : 
		Unchanged: 
 Data sizes:     COMMON   BANK0   BANK1   BANK3   BANK2
      Params:         0       0       0       0       0
      Locals:         5       0       0       0       0
      Temps:          1       0       0       0       0
      Totals:         6       0       0       0       0
Total ram usage:        6 bytes
 Hardware stack levels used:    1
 Hardware stack levels required when called:    1
 This function calls:
		Nothing
 This function is called by:
		_main
		_INIT_LCD
		_LCD_CONTROL
 This function uses a non-reentrant model


 *************** function _LCD_PULSE *****************
 Defined at:
		line 39 in file "LCD.c"
 Parameters:    Size  Location     Type
		None
 Auto vars:     Size  Location     Type
		None
 Return value:  Size  Location     Type
                  1    wreg      void 
 Registers used:
		wreg, status,2, status,0, pclath, cstack
 Tracked objects:
		On entry : 
		On exit  : 
		Unchanged: 
 Data sizes:     COMMON   BANK0   BANK1   BANK3   BANK2
      Params:         0       0       0       0       0
      Locals:         0       0       0       0       0
      Temps:          0       0       0       0       0
      Totals:         0       0       0       0       0
Total ram usage:        0 bytes
 Hardware stack levels used:    1
 Hardware stack levels required when called:    2
 This function calls:
		_delay_us
 This function is called by:
		_LCD_CONTROL
		_LCD_DATO
 This function uses a non-reentrant model


 *************** function _delay_us *****************
 Defined at:
		line 22 in file "DELAYS.c"
 Parameters:    Size  Location     Type
  ams             1    wreg     unsigned char 
 Auto vars:     Size  Location     Type
  ams             1    4[COMMON] unsigned char 
  j               2    5[COMMON] int 
 Return value:  Size  Location     Type
                  1    wreg      void 
 Registers used:
		wreg, status,2
 Tracked objects:
		On entry : 
		On exit  : 
		Unchanged: 
 Data sizes:     COMMON   BANK0   BANK1   BANK3   BANK2
      Params:         0       0       0       0       0
      Locals:         3       0       0       0       0
      Temps:          1       0       0       0       0
      Totals:         4       0       0       0       0
Total ram usage:        4 bytes
 Hardware stack levels used:    1
 Hardware stack levels required when called:    1
 This function calls:
		Nothing
 This function is called by:
		_LCD_PULSE
		_LCD_DATO
 This function uses a non-reentrant model


 *************** function _CONFIG_ADC *****************
 Defined at:
		line 15 in file "ADC.c"
 Parameters:    Size  Location     Type
		None
 Auto vars:     Size  Location     Type
		None
 Return value:  Size  Location     Type
                  1    wreg      void 
 Registers used:
		None
 Tracked objects:
		On entry : 
		On exit  : 
		Unchanged: 
 Data sizes:     COMMON   BANK0   BANK1   BANK3   BANK2
      Params:         0       0       0       0       0
      Locals:         0       0       0       0       0
      Temps:          0       0       0       0       0
      Totals:         0       0       0       0       0
Total ram usage:        0 bytes
 Hardware stack levels used:    1
 Hardware stack levels required when called:    1
 This function calls:
		Nothing
 This function is called by:
		_main
 This function uses a non-reentrant model


 *************** function _isr *****************
 Defined at:
		line 30 in file "main.c"
 Parameters:    Size  Location     Type
		None
 Auto vars:     Size  Location     Type
		None
 Return value:  Size  Location     Type
                  1    wreg      void 
 Registers used:
		wreg, status,2, status,0
 Tracked objects:
		On entry : 
		On exit  : 
		Unchanged: 
 Data sizes:     COMMON   BANK0   BANK1   BANK3   BANK2
      Params:         0       0       0       0       0
      Locals:         0       0       0       0       0
      Temps:          3       0       0       0       0
      Totals:         3       0       0       0       0
Total ram usage:        3 bytes
 Hardware stack levels used:    1
 This function calls:
		Nothing
 This function is called by:
		Interrupt level 1
 This function uses a non-reentrant model



MODULE INFORMATION

Module		Function		Class		Link	Load	Size
C:\Program Files (x86)\Microchip\xc8\v2.10\pic\sources\c90\common\awdiv.c
		___awdiv       		CODE           	055C	0000	106

C:\Program Files (x86)\Microchip\xc8\v2.10\pic\sources\c90\common\awdiv.c estimated size: 106

shared
		__stringtab    		STRING         	000F	0000	7
		__initialization		CODE           	07F5	0000	8

shared estimated size: 15

DELAYS.c
		_delay_us      		CODE           	03FA	0000	26
		_delay_ms      		CODE           	04A5	0000	46

DELAYS.c estimated size: 72

ADC.c
		_CONFIG_ADC    		CODE           	03B4	0000	16

ADC.c estimated size: 16

C:\Program Files (x86)\Microchip\xc8\v2.10\pic\sources\c90\common\awmod.c
		___awmod       		CODE           	0501	0000	92

C:\Program Files (x86)\Microchip\xc8\v2.10\pic\sources\c90\common\awmod.c estimated size: 92

main.c
		_main          		CODE           	05C5	0000	226
		_isr           		CODE           	04D2	0000	48
		_setup         		CODE           	0458	0000	37

main.c estimated size: 311

LCD.c
		_LCD_DATO      		CODE           	03D5	0000	19
		_LCD_RH        		CODE           	03AD	0000	8
		_INIT_LCD      		CODE           	047C	0000	42
		_LCD_CLEAR     		CODE           	03A6	0000	8
		_LCD_PRINT     		CODE           	0435	0000	36
		_VAL           		CODE           	06A6	0000	336
		_LCD_PRINT_WP  		CODE           	0413	0000	35
		_LCD_PULSE     		CODE           	03E7	0000	20
		_LCD_CONTROL   		CODE           	03C3	0000	19

LCD.c estimated size: 523

